 
****************************************
Report : constraint
        -all_violators
Design : mv_lp_top
Version: Q-2019.12-SP3
Date   : Sun May 14 22:02:25 2023
****************************************


   max_delay/setup ('in2out' group)

                             Required        Actual
   Endpoint                 Path Delay     Path Delay        Slack
   -----------------------------------------------------------------
   T                            0.63           0.71 r        -0.08  (VIOLATED)
   P                            0.63           0.71 r        -0.08  (VIOLATED)
   S                            0.63           0.69 r        -0.06  (VIOLATED)
   R                            0.63           0.68 f        -0.05  (VIOLATED)
   sleep_modd                   0.72           0.73 f        -0.01  (VIOLATED)


   max_delay/setup ('in2reg' group)

                             Required        Actual
   Endpoint                 Path Delay     Path Delay        Slack
   -----------------------------------------------------------------
   modD_inst/D2C_reg/D          0.92           0.98 r        -0.07  (VIOLATED)
   modD_inst/RD1_reg/D          0.92           0.98 r        -0.06  (VIOLATED)
   modD_inst/D2A_reg/D          0.92           0.97 r        -0.06  (VIOLATED)
   modA_inst/RA2_reg/D          0.93           0.99 r        -0.06  (VIOLATED)
   modA_inst/RA1_reg/D          0.93           0.98 r        -0.05  (VIOLATED)
   modB_inst/RB4_reg/D          0.93           0.98 r        -0.05  (VIOLATED)
   modA_inst/RA4_reg/D          0.94           0.99 f        -0.05  (VIOLATED)
   modB_inst/B2D_reg/D          0.93           0.97 r        -0.04  (VIOLATED)
   modC_inst/C2B_reg/D          0.92           0.95 r        -0.03  (VIOLATED)
   modC_inst/RC1_reg/D          0.92           0.93 r        -0.01  (VIOLATED)
   modC_inst/C2D_reg/D          0.92           0.93 r        -0.01  (VIOLATED)
   modD_inst/RD2_reg/D          0.92           0.93 r        -0.01  (VIOLATED)


   min_capacitance

                             Required        Actual
   Net                      Capacitance    Capacitance       Slack
   -----------------------------------------------------------------
   A2C                          1.00           0.52          -0.48  (VIOLATED)
   A2B                          1.00           0.56          -0.44  (VIOLATED)

   -----------------------------------------------------------------
   Total                      2                  -0.91  

   max_leakage_power

                             Required        Actual
   Design                   Leakage Power  Leakage Power     Slack
   -----------------------------------------------------------------
   mv_lp_top                    0.00       889971072.00   -889971072.00
                                                                    (VIOLATED)


1
