 
****************************************
Report : level_shifter
Design : mv_lp_top
Version: Q-2019.12-SP3
Date   : Sun May 14 22:02:25 2023
****************************************

---------------------------------------------------------------------------------------------------------------------------------------------------

 Power Domain : pd_top

 **********************************************************
 Level shifter summary for power domain
 **********************************************************
 No. of violating level shifters - dont_touch    : 0
 No. of violating level shifters - no dont_touch : 0
 No. of level shifters in domain                 : 4
 **********************************************************

===================================================================================================================================================
 Level Shifter       Reference      Input P/G      Output P/G     Main P/G       Violation   Reason                 Voltage             Type
                                    Net Info(Volt) Net Info(Volt) Net Info(Dir.)
===================================================================================================================================================
 D2B_UPF_LS          LSUPX1_HVT     VDDL(0.85)     VDDH(1.16)     VDDH(Output)   FALSE       -                      (0.7,1.16)          LH
                                    VSS(0.00)      VSS(0.00)      ---
 C2B_UPF_LS          LSUPX1_HVT     VDDL(0.85)     VDDH(1.16)     VDDH(Output)   FALSE       -                      (0.7,1.16)          LH
                                    VSS(0.00)      VSS(0.00)      ---
 C2A_UPF_LS          LSUPX1_HVT     VDDL(0.85)     VDDH(1.16)     VDDH(Output)   FALSE       -                      (0.7,1.16)          LH
                                    VSS(0.00)      VSS(0.00)      ---
 D2A_UPF_LS          LSUPX1_HVT     VDDL(0.85)     VDDH(1.16)     VDDH(Output)   FALSE       -                      (0.7,1.16)          LH
                                    VSS(0.00)      VSS(0.00)      ---
===================================================================================================================================================
1
