 
****************************************
Report : isolation_cell
Design : mv_lp_top
Version: Q-2019.12-SP3
Date   : Sun May 14 22:02:25 2023
****************************************

------------------------------------------------------------------------------------------------------------------------------------------------

 Power Domain  :  pd_modc

=========================================================================================================================
| Port                   | Boundary | Port Dir.| ISO Cell Name                | ISO Lib Cell       | ISO Strategy       |
=========================================================================================================================
| modC_inst/C2B          | LowConn  | Out      | snps_pd_modc__iso_pg_modc_b_snps_C2B_UPF_ISO
                                                                              | ISOLORAOX2_HVT     | iso_pg_modc_b      |
| modC_inst/C2A          | LowConn  | Out      | snps_pd_modc__iso_pg_modc_a_snps_C2A_UPF_ISO
                                                                              | ISOLORAOX1_HVT     | iso_pg_modc_a      |
=========================================================================================================================

------------------------------------------------------------------------------------------------------------------------------------------------

 Power Domain  :  pd_modd

=========================================================================================================================
| Port                   | Boundary | Port Dir.| ISO Cell Name                | ISO Lib Cell       | ISO Strategy       |
=========================================================================================================================
| modD_inst/D2B          | LowConn  | Out      | snps_pd_modd__iso_pg_modd_b_snps_D2B_UPF_ISO
                                                                              | ISOLORAOX1_HVT     | iso_pg_modd_b      |
| modD_inst/D2A          | LowConn  | Out      | snps_pd_modd__iso_pg_modd_a_snps_D2A_UPF_ISO
                                                                              | ISOLORAOX1_HVT     | iso_pg_modd_a      |
=========================================================================================================================

------------------------------------------------------------------------------------------------------------------------------------------------

 Power Domain  :  pd_moda

=========================================================================================================================
| Port                   | Boundary | Port Dir.| ISO Cell Name                | ISO Lib Cell       | ISO Strategy       |
=========================================================================================================================
| modA_inst/A2B          | LowConn  | Out      | snps_pd_moda__iso_pg_moda_b_snps_A2B_UPF_ISO
                                                                              | ISOLANDX1_HVT      | iso_pg_moda_b      |
| modA_inst/A2C          | LowConn  | Out      | snps_pd_moda__iso_pg_moda_c_snps_A2C_UPF_ISO
                                                                              | ISOLANDX1_HVT      | iso_pg_moda_c      |
=========================================================================================================================

------------------------------------------------------------------------------------------------------------------------------------------------
1
